// Jest Snapshot v1, https://goo.gl/fbAQLP

exports[`<App/> matches the snapshot 1`] = `
<div
  className="App"
>
  <BrowserRouter>
    <Switch>
      <Route
        component={[Function]}
        path="/history"
      />
      <Route
        component={
          Object {
            "$$typeof": Symbol(react.memo),
            "WrappedComponent": [Function],
            "compare": null,
            "displayName": "Connect(_temp)",
            "type": [Function],
          }
        }
        exact={true}
        path="/"
      />
      <Redirect
        to="/"
      />
    </Switch>
  </BrowserRouter>
</div>
`;
